YOURLS installed, starting PHPUnit

PHPUnit 10.5.63 by Sebastian Bergmann and contributors.

Runtime:       PHP 8.3.6
Configuration: /app/phpunit.xml.dist

...............................................................  63 / 833 (  7%)
............................................................... 126 / 833 ( 15%)
............................................................... 189 / 833 ( 22%)
............................................................... 252 / 833 ( 30%)
............................................................... 315 / 833 ( 37%)
............................................................... 378 / 833 ( 45%)
............................................................... 441 / 833 ( 52%)
............................................................... 504 / 833 ( 60%)
............................................................... 567 / 833 ( 68%)
..............S................................................ 630 / 833 ( 75%)
............................................................... 693 / 833 ( 83%)
............................................................... 756 / 833 ( 90%)
......................SS....................................... 819 / 833 ( 98%)
..............                                                  833 / 833 (100%)

Time: 00:05.293, Memory: 18.00 MB

AYO
 ✔ Api failed request
 ✔ Api failed request server error
 ✔ Check core version
 ✔ Check only in admin
 ✔ Api check in various scenario with data set #0
 ✔ Api check in various scenario with data set #1
 ✔ Api check in various scenario with data set #2
 ✔ Api check in various scenario with data set #3
 ✔ Api check in various scenario with data set #4
 ✔ Api check in various scenario with data set #5
 ✔ Api check in various scenario with data set #6
 ✔ Api check in various scenario with data set #7
 ✔ Api check in various scenario with data set #8
 ✔ Validate api json response with data set "expected"
 ✔ Validate api json response with data set "unexpected version number format"
 ✔ Validate api json response with data set "version mismatch"
 ✔ Validate api json response with data set "not github.com"
 ✔ Validate api json response with data set "not YOURLS/YOURLS"
 ✔ Validate api json response with data set "no version"
 ✔ Validate api json response with data set "no URL"
 ✔ Validate api json response with data set "nothing 1"
 ✔ Validate api json response with data set "nothing 2"
 ✔ Validate api json response with data set "nothing 3"
 ✔ Is valid github repo url with data set "true"
 ✔ Is valid github repo url with data set "not github"
 ✔ Is valid github repo url with data set "not YOURLS"
 ✔ Is valid github repo url with data set "not URL"
 ✔ Is valid github repo url with filter
 ✔ New version notice with data set #0
 ✔ New version notice with data set #1
 ✔ New version notice with data set #2
 ✔ New version notice with data set #3
 ✔ New version notice with data set #4
 ✔ New version notice with data set #5
 ✔ New version notice with data set #6
 ✔ New version notice with data set #7
 ✔ New version notice with data set #8
 ✔ Get version from zipball url with data set #0
 ✔ Get version from zipball url with data set #1
 ✔ Get version from zipball url with data set #2
 ✔ Get version from zipball url with data set #3
 ✔ Get version from zipball url with data set #4
 ✔ Get version from zipball url with data set #5
 ✔ Yourls validate core version response keys with data set "latest & zipurl"
 ✔ Yourls validate core version response keys with data set "no latest"
 ✔ Yourls validate core version response keys with data set "no zipurl"
 ✔ Yourls validate core version response keys with data set "latest & other key"
 ✔ Yourls validate core version response keys with data set "zipurl & other key"
 ✔ Yourls validate core version response keys with data set "nothing"
 ✔ Yourls validate core version response keys with data set "extra key"
 ✔ Yourls validate core version response keys with data set "not strings"
 ✔ Yourls get core version json with data set #0
 ✔ Yourls get core version json with data set #1

Actions
 ✔ Add action funcname
 ✔ Remove action
 ✔ Add several actions default priority
 ✔ Add several actions random priorities
 ✔ Remove all actions
 ✔ Remove all actions random prio
 ✔ Remove only actions with given prio
 ✔ Do action funcname
 ✔ Do action several times and count
 ✔ Add action create function
 ✔ Do action create function
 ✔ Add action within class
 ✔ Do action within class
 ✔ Add action within class array
 ✔ Do action within class array
 ✔ Add action within class instance
 ✔ Do action within class instance
 ✔ Add action class and array
 ✔ Add action closure
 ✔ Do action closure
 ✔ Function must exist if applied
 ✔ Do action no params
 ✔ Do action 1 params
 ✔ Do action 2 params
 ✔ Has action return values
 ✔ Get actions
 ✔ Yourls shutdown
 ✔ Call all hooks with action

Admin Url
 ✔ Yourls admin url base
 ✔ Yourls admin url with page
 ✔ Yourls admin url with ssl
 ✔ Yourls admin url with needs ssl
 ✔ Yourls admin url filter
 ✔ Yourls admin url with different site url

Auth
 ✔ Has cleartext
 ✔ Has no cleartext
 ✔ Has md5
 ✔ Has phpass
 ✔ Hash and check with data set #0
 ✔ Hash and check with data set #1
 ✔ Hash and check with data set #2
 ✔ Hash and check with data set #3
 ✔ Hash and check with data set #4
 ✔ Hash and check with data set #5
 ✔ Hash and check with data set #6
 ✔ Valid cleartext
 ✔ Valid md5
 ✔ Valid phpass
 ✔ Hash passwords now
 ✔ Hash passwords now unwritable
 ✔ Hash passwords now non existent
 ✔ Hash passwords now empty
 ✔ Hash passwords now no pwd
 ✔ Hash passwords now bad content
 ✔ Hash passwords now contents updated
 ✔ Hash passwords special chars now
 ✔ Maybe hash passwords clear passwords
 ✔ Maybe hash passwords no clear password
 ✔ Maybe hash passwords YOURLS NO HASH PASSWORD
 ✔ Maybe hash passwords via env

CRUD
 ✔ Add url
 ✔ Edit title
 ✔ Is shorturl
 ✔ Update hits
 ✔ Edit url
 ✔ Delete url
 ✔ Insert link in db

Check PDO
 ✔ Yourls check PDO

Check Password Hash
 ✔ Check password hash cleartext
 ✔ Check password hash md5
 ✔ Check password hash phpass
 ✔ Check password hash unknown user

Compat
 ✔ Array to json non array
 ✔ Array to json vector
 ✔ Array to json associative
 ✔ Array to json nested

DB
 ✔ Get num queries

DBSet
 ✔ Get
 ✔ Set

Dates
 ✔ Get time offset
 ✔ Get datetime format
 ✔ Get date format
 ✔ Get time format
 ✔ Get time offset zero
 ✔ Get time offset non zero

Deep
 ✔ Urlencode deep with data set #0
 ✔ Urlencode deep with data set #1
 ✔ Urlencode deep with data set #2
 ✔ Urlencode deep with data set #3
 ✔ Urlencode deep with data set #4
 ✔ Urlencode deep with data set #5
 ✔ Urlencode deep with data set #6
 ✔ Add query arg
 ✔ Remove query arg

Domain
 ✔ Load default textdomain
 ↩ Custom fake domain
 ✔ Unload fake domain
 ✔ Load custom domain
 ✔ Custom domain unload

Duplicate Long URL
 ✔ Yourls allow duplicate longurls is bool
 ✔ Add url twice

Esc
 ✔ Esc attr with data set #0
 ✔ Esc attr with data set #1
 ✔ Esc attr with data set #2
 ✔ Esc attr with data set #3
 ✔ Esc attr twice with data set #0
 ✔ Esc attr twice with data set #1
 ✔ Esc attr twice with data set #2
 ✔ Esc attr twice with data set #3
 ✔ Esc html with data set #0
 ✔ Esc html with data set #1
 ✔ Esc html with data set #2
 ✔ Esc html with data set #3
 ✔ Esc html with data set #4
 ✔ Esc html with data set #5
 ✔ Esc html with data set #6
 ✔ Esc html with data set #7
 ✔ Esc urls with data set #0
 ✔ Esc urls with data set #1
 ✔ Esc urls with data set #2
 ✔ Esc urls with data set #3
 ✔ Esc urls with data set #4
 ✔ Esc urls with data set #5
 ✔ Esc js with data set #0
 ✔ Esc js with data set #1
 ✔ Esc js with data set #2
 ✔ Esc textarea with data set #0
 ✔ Esc textarea with data set #1
 ✔ Esc textarea with data set #2

Favicon
 ✔ Default favicon
 ✔ Default favicon no echo
 ✔ Custom favicon gif
 ✔ Custom favicon ico
 ✔ Custom favicon png
 ✔ Custom favicon jpg
 ✔ Custom favicon svg
 ✔ Static cache with echo
 ✔ Static cache no echo
 ✔ Favicon filter

File Loader
 ✔ Load file exists
 ✔ Load file not exists

Files
 ✔ Get plugins
 ✔ Plugin validate
 ✔ Missing plugin validate
 ✔ Invalid plugin validate with data set #0
 ✔ Invalid plugin validate with data set #1
 ✔ Invalid plugin validate with data set #2
 ✔ Invalid plugin validate with data set #3
 ✔ Plugin activate
 ✔ Plugin activate twice
 ✔ Load plugins
 ✔ Plugin deactivate
 ✔ Plugin uninstall
 ✔ Invalid plugin activate
 ✔ Invalid plugin deactivate
 ✔ Invalid plugin does not activate with data set #0
 ✔ Invalid plugin does not activate with data set #1
 ✔ Invalid plugin does not activate with data set #2
 ✔ Invalid plugin does not activate with data set #3
 ✔ Yourls plugin basename

Filters
 ✔ Add filter funcname
 ✔ Apply filter funcname
 ✔ Remove filter funcname
 ✔ Default priority
 ✔ Remove filter priority
 ✔ Add filter create function
 ✔ Apply filter create function
 ✔ Add filter within class
 ✔ Apply filter within class
 ✔ Remove filter within class
 ✔ Add filter within class array
 ✔ Apply filter within class array
 ✔ Remove filter within class array
 ✔ Add filter within class instance
 ✔ Apply filter within class instance
 ✔ Remove filter within class instance
 ✔ Add filter class and array
 ✔ Add filter closure
 ✔ Apply filter closure
 ✔ Multiple filter
 ✔ Multiple filter with priority
 ✔ Has filter return values
 ✔ Get filters
 ✔ Function must exist if applied
 ✔ Filter specified arguments
 ✔ Filter arbitrary arguments
 ✔ Multiple filter and count
 ✔ Call all hooks with filter

Format
 ✔ Is serialized with data set #0
 ✔ Is serialized with data set #1
 ✔ Is serialized with data set #2
 ✔ Is serialized with data set #3
 ✔ Is serialized with data set #4
 ✔ Is serialized with data set #5
 ✔ Is serialized with data set #6
 ✔ Is serialized with data set #7
 ✔ Is serialized with data set #8
 ✔ Is serialized with data set #9
 ✔ Is serialized with data set #10
 ✔ Is not serialized with data set #0
 ✔ Is not serialized with data set #1
 ✔ Is not serialized with data set #2
 ✔ Int to string to int
 ✔ String to int to string
 ✔ String 2htmlid
 ✔ Valid regexp
 ✔ Trim long strings
 ✔ Is utf8 with data set #0
 ✔ Is utf8 with data set #1
 ✔ Is utf8 with data set #2
 ✔ Is utf8 with data set #3
 ✔ Is utf8 with data set #4
 ✔ Is not utf8 with data set #0
 ✔ Is not utf8 with data set #1
 ✔ Is not utf8 with data set #2
 ✔ Is not utf8 with data set #3
 ✔ Is not utf8 with data set #4
 ✔ Backslashit
 ✔ Bookmarklet
 ✔ Specialchars decode basics
 ✔ Specialchars escapes quotes
 ✔ Specialchars allowed entities
 ✔ Specialchars unallowed entities

Format_Deep_Replace
 ✔ Yourls deep replace

Func
 ✔ Api actions with data set #0
 ✔ Api actions with data set #1
 ✔ Api actions with data set #2
 ✔ Api actions with data set #3
 ✔ Api actions with data set #4
 ✔ Api actions with data set #5

General
 ✔ Is rtl
 ✔ Get locale from config
 ✔ Get locale
 ✔ Get languages

Geo IP
 ✔ Ip to countrycode ipv4 with data set #0
 ✔ Ip to countrycode ipv4 with data set #1
 ✔ Ip to countrycode ipv4 with data set #2
 ✔ Ip to countrycode ipv4 with data set #3
 ✔ Ip to countrycode ipv4 with data set #4
 ✔ Ip to countrycode ipv6 with data set #0
 ✔ Ip to countrycode ipv6 with data set #1
 ✔ Ip to countrycode ipv6 with data set #2
 ✔ Ip to countrycode ipv6 with data set #3
 ✔ Countrycode to countryname with data set #0
 ✔ Countrycode to countryname with data set #1
 ✔ Countrycode to countryname with data set #2
 ✔ Countrycode to countryname with data set #3
 ✔ Country images

Get DBStats
 ✔ Yourls get db stats basic
 ✔ Yourls get db stats with where
 ✔ Yourls get db stats filter

Get Domain
 ✔ Get domain without scheme with data set #0
 ✔ Get domain without scheme with data set #1
 ✔ Get domain without scheme with data set #2
 ✔ Get domain without scheme with data set #3
 ✔ Get domain without scheme with data set #4
 ✔ Get domain without scheme with data set #5
 ✔ Get domain without scheme with data set #6
 ✔ Get domain without scheme with data set #7
 ✔ Get domain without scheme with data set #8
 ✔ Get domain without scheme with data set #9
 ✔ Get domain without scheme with data set #10
 ✔ Get domain without scheme with data set #11
 ✔ Get domain without scheme with data set #12
 ✔ Get domain without scheme with data set #13
 ✔ Get domain without scheme with data set #14
 ✔ Get domain without scheme with data set #15
 ✔ Get domain without scheme with data set #16
 ✔ Get domain without scheme with data set #17
 ✔ Get domain with scheme with data set #0
 ✔ Get domain with scheme with data set #1
 ✔ Get domain with scheme with data set #2
 ✔ Get domain with scheme with data set #3
 ✔ Get domain with scheme with data set #4
 ✔ Get domain with scheme with data set #5
 ✔ Get domain with scheme with data set #6
 ✔ Get domain with scheme with data set #7
 ✔ Get domain with scheme with data set #8
 ✔ Get domain with scheme with data set #9
 ✔ Get domain with scheme with data set #10
 ✔ Get domain with scheme with data set #11
 ✔ Get domain with scheme with data set #12
 ✔ Get domain with scheme with data set #13
 ✔ Get domain with scheme with data set #14
 ✔ Get domain with scheme with data set #15
 ✔ Get domain with scheme with data set #16
 ✔ Get domain with scheme with data set #17

Get Request
 ✔ Get request with data set #0
 ✔ Get request with data set #1
 ✔ Get request with data set #2
 ✔ Get request with data set #3
 ✔ Get request with data set #4
 ✔ Get request with data set #5
 ✔ Get request with data set #6
 ✔ Get request with data set #7
 ✔ Get request with data set #8
 ✔ Get request with data set #9
 ✔ Get request with data set #10
 ✔ Get request with data set #11
 ✔ Get request with data set #12
 ✔ Get request with data set #13
 ✔ Get request with data set #14
 ✔ Get request with data set #15
 ✔ Get request with data set #16
 ✔ Get request with data set #17
 ✔ Get request with data set #18
 ✔ Get request with data set #19
 ✔ Get request with data set #20
 ✔ Get request with data set #21
 ✔ Get request with data set #22
 ✔ Get request with data set #23
 ✔ Get request with data set #24
 ✔ Get request with data set #25
 ✔ Get request with data set #26
 ✔ Get request with data set #27
 ✔ Get request with data set #28
 ✔ Get request with data set #29
 ✔ Get request with data set #30
 ✔ Get request with data set #31
 ✔ Get request with data set #32
 ✔ Get request with data set #33
 ✔ Get request with data set #34
 ✔ Get request with data set #35
 ✔ Get request with data set #36
 ✔ Get request with data set #37
 ✔ Get request with data set #38
 ✔ Get request with data set #39
 ✔ Get request with data set #40
 ✔ Get request with data set #41
 ✔ Get request with data set #42
 ✔ Get request with data set #43
 ✔ Get request with data set #44
 ✔ Get request with data set #45
 ✔ Get request with data set #46

HTTP
 ✔ Get user agent
 ✔ Get user agent empty
 ✔ Yourls skip version check is bool

HTTPHeaders
 ✔ Javascript redirect
 ✔ Get HTTP status with data set #0
 ✔ Get HTTP status with data set #1
 ✔ Get HTTP status with data set #2
 ✔ Get HTTP status with data set #3
 ✔ Get HTTP status with data set #4
 ✔ Get HTTP status with data set #5
 ✔ Get HTTP status with data set #6
 ✔ Get HTTP status with data set #7
 ✔ Get HTTP status with data set #8
 ✔ Get HTTP status with data set #9
 ✔ Get HTTP status with data set #10
 ✔ Get HTTP status with data set #11
 ✔ Get HTTP status with data set #12
 ✔ Get HTTP status with data set #13
 ✔ Get HTTP status with data set #14
 ✔ Get HTTP status with data set #15
 ✔ Get HTTP status with data set #16
 ✔ Get HTTP status with data set #17
 ✔ Get HTTP status with data set #18
 ✔ Get HTTP status with data set #19
 ✔ Get HTTP status with data set #20
 ✔ Get HTTP status with data set #21
 ✔ Get HTTP status with data set #22
 ✔ Get HTTP status with data set #23
 ✔ Get HTTP status with data set #24
 ✔ Get HTTP status with data set #25
 ✔ Get HTTP status with data set #26
 ✔ Get HTTP status with data set #27
 ✔ Get HTTP status with data set #28
 ✔ Get HTTP status with data set #29
 ✔ Get HTTP status with data set #30
 ✔ Get HTTP status with data set #31
 ✔ Get HTTP status with data set #32
 ✔ Get HTTP status with data set #33
 ✔ Get HTTP status with data set #34
 ✔ Get HTTP status with data set #35
 ✔ Get HTTP status with data set #36
 ✔ Get HTTP status with data set #37
 ✔ Get HTTP status with data set #38
 ✔ Get HTTP status with data set #39
 ✔ Get HTTP status with data set #40
 ✔ Get HTTP status with data set #41
 ✔ Get HTTP status with data set #42
 ✔ Get HTTP status with data set #43
 ✔ Get HTTP status with data set #44
 ✔ Get HTTP status with data set #45
 ✔ Get HTTP status with data set #46
 ✔ Get HTTP status with data set #47
 ✔ Get HTTP status with data set #48
 ✔ Get HTTP status with data set #49
 ✔ Get HTTP status with data set #50
 ✔ Get HTTP status invalid

HTTPRequests
 ✔ Get
 ✔ Get body
 ✔ Post
 ✔ Post body
 ✔ Requests

Headers
 ✔ Regular header
 ✔ Phpdoc header
 ✔ Incomplete header
 ✔ Incorrect header
 ✔ Missing header
 ✔ Missing header no comment

Helpers
 ✔ Check timestamp with data set #0
 ✔ Check timestamp with data set #1
 ✔ Check timestamp with data set #2
 ✔ Check timestamp with data set #3
 ✔ Check timestamp with data set #4
 ✔ Check timestamp with data set #5
 ✔ Yourls filter unique id

Htaccess
 ✔ Htaccess with data set #0
 ✔ Htaccess with data set #1
 ✔ Htaccess with data set #2
 ✔ Htaccess content with data set #0
 ✔ Htaccess content with data set #1
 ✔ Htaccess content with data set #2
 ✔ Htaccess content with data set #3
 ✔ Htaccess content with data set #4

Install
 ✔ Install
 ✔ Yourls is iis
 ✔ Init tables
 ✔ Create tables
 ✔ Correct config
 ✔ Incorrect config
 ✔ Not found config
 ✔ Init defaults

Is Valid User
 ✔ Shunt is valid user
 ✔ Logout request
 ✔ Login failed no credentials
 ✔ Login failed with credentials
 ✔ Login failed with credentials with nonce
 ✔ Login success api
 ✔ Login success normal with redirect
 ✔ Login success normal no redirect
 ✔ Api secure timestamp
 ✔ Api secure signature
 ✔ Login username password
 ✔ Login cookie

KSES
 ✔ Sanitize title
 ✔ Normalize entities

L10n Format
 ✔ Number format
 ✔ Date format
 ✔ Yourls l10n months
 ✔ Yourls l10n month abbrev
 ✔ Yourls l10n weekday abbrev
 ✔ Yourls l10n weekday initial
 ✔ Esc funcs

Link
 ✔ Yourls site
 ✔ Yourls link
 ✔ Yourls statlink
 ✔ Yourls link IDN
 ✔ Yourls site url
 ✔ Yourls site url echo
 ✔ Yourls site url ssl
 ✔ Yourls site url filter

Login API
 ✔ Login
 ✔ Login shunt
 ✔ Login with no credential
 ✔ Login with empty credential
 ✔ Login with random credentials

Login APISecure
 ✔ Login
 ✔ Login shunt
 ✔ Login with no credential
 ✔ Login with empty credential
 ✔ Login with random credentials

Login APISecure Time Token
 ✔ Login
 ✔ Login shunt
 ✔ Login with no credential
 ✔ Login with empty credential
 ✔ Login with random credentials

Login Cookie
 ✔ Cookie name
 ✔ Cookie value
 ✔ Cookie life
 ✔ Login valid cookie
 ✔ Login invalid cookie

Login Normal
 ✔ Login
 ✔ Login shunt
 ✔ Login with no credential
 ✔ Login with empty credential
 ✔ Login with random credentials

Logout
 ✔ Logout user is logged in
 ✔ Logout user logs out
 ✔ Logout user is logged in back

Maintenance Mode
 ✔ Maintenance mode enable
 ✔ Maintenance mode disable

Misc
 ✔ Can SSL
 ✔ Request default options
 ✔ Request default options proxy
 ✔ User agent

Misc Auth
 ✔ Yourls skip password hashing is bool
 ✔ Yourls salt return string
 ✔ Yourls hmac algo default
 ✔ Yourls hmac algo custom
 ✔ Yourls hmac algo non existent

Needs SSL
 ✔ Yourls needs ssl

Next Decimal
 ✔ Get next decimal
 ✔ Update next decimal no arg
 ✔ Update next decimal with arg

Nonce
 ✔ Nonce life
 ✔ Tick
 ✔ Create nonce
 ✔ Create nonce field echo
 ✔ Create nonce url
 ✔ Valid nonce
 ✔ Invalid nonce
 ✔ Nonce different for different actions and users

Option
 ✔ The basics
 ✔ Serialized data
 ✔ Bad option names with data set #0
 ✔ Bad option names with data set #1
 ✔ Bad option names with data set #2
 ✔ Bad option names with data set #3
 ✔ Bad option names with data set #4
 ✔ Bad option names with data set #5
 ✔ Add option
 ✔ Update option

Output
 ✔ Output return or echo
 ✔ Output content headers with data set #0
 ✔ Output content headers with data set #1
 ✔ Output content headers with data set #2
 ✔ Output content headers with data set #3
 ✔ Output content headers with data set #4
 ✔ Output status headers with data set #0
 ✔ Output status headers with data set #1
 ✔ Output status headers with data set #2

Pages
 ✔ Page is reserved
 ✔ Examplepage
 ✔ No page
 ✔ Create page and check is reserved

Plugin Pages
 ✔ Yourls plugin url ssl mode 1
 ✔ Yourls plugin url ssl mode 2
 ✔ Yourls plugin url ssl mode 3
 ✔ Yourls plugin url ssl mode 4
 ✔ Register plugin page
 ✔ List plugin page
 ✔ Plugin admin page fake
 ✔ Plugin admin page
 ✔ Plugin admin page not callable

Plugins Sort Callback
 ✔ Plugins sort callback asc
 ✔ Plugins sort callback desc
 ✔ Plugins sort callback missing key
 ✔ Plugins sort callback custom orderby

Proxy
 ✔ Proxy with data set #0
 ✔ Proxy with data set #1
 ✔ Proxy with data set #2
 ✔ Proxy with data set #3
 ✔ Proxy with data set #4
 ✔ Proxy with data set #5
 ✔ Proxy with data set #6
 ✔ Proxy with data set #7
 ✔ Proxy with data set #8
 ✔ Proxy bypass wildcard with data set #0
 ✔ Proxy bypass wildcard with data set #1
 ✔ Proxy bypass wildcard with data set #2
 ✔ Proxy bypass wildcard with data set #3
 ✔ Proxy bypass wildcard with data set #4
 ✔ Proxy bypass wildcard with data set #5
 ✔ Proxy bypass wildcard with data set #6
 ✔ Proxy bypass wildcard with data set #7
 ✔ Proxy bypass wildcard with data set #8
 ✔ Proxy bypass wildcard with data set #9
 ✔ Proxy bypass wildcard with data set #10
 ✔ Proxy bypass wildcard with data set #11
 ✔ Proxy bypass wildcard with data set #12
 ✔ Proxy bypass wildcard with data set #13
 ✔ Proxy bypass wildcard with data set #14
 ✔ Proxy bypass wildcard with data set #15
 ✔ Proxy bypass wildcard with data set #16
 ✔ Proxy get info
 ✔ Proxy get bypass hosts

Query Arg
 ✔ Yourls add query arg
 ✔ Yourls add query arg edge cases
 ✔ Yourls add query arg default
 ✔ Yourls remove query arg
 ✔ Yourls remove query arg default

Redirection
 ✔ Login

Referrer
 ✔ No referrer
 ✔ Referrer
 ✔ Long referrer

Sanitize
 ✔ Sanitize title
 ✔ Sanitize title with fallback
 ✔ Sanitize int
 ✔ Sanitize ip with data set #0
 ✔ Sanitize ip with data set #1
 ✔ Sanitize ip with data set #2
 ✔ Sanitize ip with data set #3
 ✔ Sanitize ip with data set #4
 ✔ Sanitize ip with data set #5
 ✔ Sanitize ip with data set #6
 ✔ Sanitize date with data set #0
 ✔ Sanitize date with data set #1
 ✔ Sanitize date with data set #2
 ✔ Sanitize date with data set #3
 ✔ Sanitize date with data set #4
 ✔ Sanitize date sql with data set #0
 ✔ Sanitize date sql with data set #1
 ✔ Sanitize date sql with data set #2
 ✔ Sanitize date sql with data set #3
 ✔ Sanitize date sql with data set #4
 ✔ Sanitize filename with data set #0
 ✔ Sanitize filename with data set #1
 ✔ Sanitize filename with data set #2
 ✔ Sanitize filename with data set #3
 ✔ Sanitize version with data set #0
 ✔ Sanitize version with data set #1
 ✔ Sanitize version with data set #2
 ✔ Sanitize version with data set #3
 ✔ Sanitize version with data set #4
 ✔ Sanitize version with data set #5
 ✔ Sanitize version with data set #6
 ✔ Sanitize version with data set #7
 ✔ Sanitize version with data set #8
 ✔ Sanitize version with data set #9
 ✔ Sanitize version with data set #10
 ✔ Sanitize version with data set #11
 ✔ Sanitize version with data set #12
 ✔ Sanitize version with data set #13
 ✔ Sanitize version with data set #14
 ✔ Sanitize version with data set #15
 ✔ Sanitize version with data set #16
 ✔ Sanitize version with data set #17
 ✔ Sanitize version with data set #18
 ✔ Sanitize keywords with data set #0
 ✔ Sanitize keywords with data set #1
 ✔ Sanitize keywords with data set #2
 ✔ Sanitize keywords with data set #3

Short URL
 ✔ Reserved keywords
 ✔ No reserved keywords
 ✔ Free keywords
 ✔ Url exists
 ✔ Log hits unknown
 ✔ Get shorturl charset

Sig
 ✔ Signature empty
 ✔ Signature random
 ✔ Signature timestamp empty
 ✔ Signature timestamp random
 ✔ Signature timestamp md5
 ✔ Signature timestamp hash
 ✔ Check timestamp with data set #0
 ✔ Check timestamp with data set #1
 ✔ Check timestamp with data set #2
 ✔ Check timestamp with data set #3
 ✔ Check timestamp with data set #4
 ✔ Check timestamp with data set #5

Stats
 ✔ Do log redirect

Translation
 ✔ Translation
 ✔ Translation echo
 ✔ Untranslated string
 ✔ Random string
 ✔ Yourls s
 ✔ Yourls se
 ✔ Yourls s too few
 ✔ Yourls s too many
 ✔ Yourls translate with context
 ✔ Yourls translate with context invalid
 ✔ Yourls x
 ✔ Yourls xe
 ✔ Yourls x invalid
 ✔ Yourls n
 ✔ Yourls nx
 ✔ Yourls translate user role

URL
 ✔ Correcttly get protocols with data set #0
 ✔ Correcttly get protocols with data set #1
 ✔ Correcttly get protocols with data set #2
 ✔ Correcttly get protocols with data set #3
 ✔ Correcttly get protocols with data set #4
 ✔ Correcttly get protocols with data set #5
 ✔ Correcttly get protocols with data set #6
 ✔ Correcttly get protocols with data set #7
 ✔ Correcttly get protocols with data set #8
 ✔ Correcttly get protocols with data set #9
 ✔ Correcttly get protocols with data set #10
 ✔ Correcttly get protocols with data set #11
 ✔ Correcttly get protocols with data set #12
 ✔ Correcttly get protocols with data set #13
 ✔ Correcttly get protocols with data set #14
 ✔ Correcttly get protocols with data set #15
 ✔ Correcttly get protocols with data set #16
 ✔ Valid urls with data set #0
 ✔ Valid urls with data set #1
 ✔ Valid urls with data set #2
 ✔ Valid urls with data set #3
 ✔ Valid urls with data set #4
 ✔ Valid urls with data set #5
 ✔ Valid urls with data set #6
 ✔ Valid urls with data set #7
 ✔ Valid urls with data set #8
 ✔ Valid urls with data set #9
 ✔ Valid urls with data set #10
 ✔ Valid urls with data set #11
 ✔ Valid urls with data set #12
 ✔ Valid urls with data set #13
 ✔ Valid urls with data set #14
 ✔ Valid urls with data set #15
 ✔ Valid urls with data set #16
 ✔ Valid urls with data set #17
 ✔ Valid urls with data set #18
 ✔ Valid urls with data set #19
 ✔ Valid urls with data set #20
 ✔ Valid urls with data set #21
 ✔ Valid urls with data set #22
 ✔ Valid urls with data set #23
 ✔ Valid urls with data set #24
 ✔ Valid urls with data set #25
 ✔ Valid urls with data set #26
 ✔ Valid urls with data set #27
 ✔ Url with spaces
 ✔ Url with bad characters
 ✔ Url with protocols
 ✔ Url with protocol case with data set #0
 ✔ Url with protocol case with data set #1
 ✔ Url with protocol case with data set #2
 ✔ Url with protocol case with data set #3
 ✔ Url with protocol case with data set #4
 ✔ Url with protocol case with data set #5
 ✔ Url with protocol case with data set #6
 ✔ Url with protocol case with data set #7
 ✔ Url with protocol case with data set #8
 ✔ Url with protocol case with data set #9
 ✔ Url with protocol case with data set #10
 ✔ Url with protocol case with data set #11
 ✔ Url with protocol case with data set #12
 ✔ Url with protocol case with data set #13
 ✔ Url with protocol case with data set #14
 ✔ Url with protocol case with data set #15
 ✔ Url with protocol case with data set #16
 ✔ Url with IDN with data set #0
 ✔ Url with IDN with data set #1
 ✔ Url with IDN with data set #2
 ✔ Url with IDN with data set #3
 ✔ Url with IDN with data set #4
 ✔ Url with IDN with data set #5
 ✔ Matching protocols with no ssl with data set #0
 ✔ Matching protocols with no ssl with data set #1
 ✔ Matching protocols with no ssl with data set #2
 ✔ Matching protocols with no ssl with data set #3
 ✔ Matching protocols with no ssl with data set #4
 ✔ Matching protocols with no ssl with data set #5
 ✔ Matching protocols with no ssl with data set #6
 ✔ Matching protocols with no ssl with data set #7
 ✔ Matching protocols with no ssl with data set #8
 ✔ Matching protocols with no ssl with data set #9
 ✔ Matching protocols with ssl with data set #0
 ✔ Matching protocols with ssl with data set #1
 ✔ Matching protocols with ssl with data set #2
 ✔ Matching protocols with ssl with data set #3
 ✔ Matching protocols with ssl with data set #4
 ✔ Matching protocols with ssl with data set #5
 ✔ Matching protocols with ssl with data set #6
 ✔ Matching protocols with ssl with data set #7
 ✔ Matching protocols with ssl with data set #8
 ✔ Matching protocols with ssl with data set #9
 ✔ Various idn cases with data set #0
 ✔ Various idn cases with data set #1
 ✔ Various idn cases with data set #2
 ✔ Various idn cases with data set #3
 ✔ Various idn cases with data set #4
 ✔ Various idn cases with data set #5
 ✔ Various idn cases with data set #6
 ✔ Various idn cases with data set #7
 ✔ Various idn cases with data set #8
 ✔ Various idn cases with data set #9
 ✔ Various idn cases with data set #10
 ✔ Various idn cases with data set #11
 ✔ Various idn cases with data set #12
 ✔ Various idn cases with data set #13
 ✔ Various idn cases with data set #14
 ✔ Various idn cases with data set #15
 ✔ Various idn cases with data set #16

Urlencode Deep
 ✔ Urlencode deep string
 ✔ Urlencode deep array
 ✔ Urlencode deep nested array
 ✔ Urlencode deep deeply nested array

Version
 ✔ Mysql version with data set #0
 ✔ Mysql version with data set #1
 ✔ Mysql version with data set #2
 ✔ Mysql version with data set #3
 ✔ Mysql version with data set #4
 ✔ Mysql version with data set #5
 ✔ Php version

OK, but some tests were skipped!
Tests: 833, Assertions: 1643, Skipped: 3.
