YOURLS installed, starting PHPUnit

PHPUnit 10.5.63 by Sebastian Bergmann and contributors.

Runtime:       PHP 8.3.6
Configuration: /app/phpunit.xml.dist

...............................................................  63 / 842 (  7%)
............................................................... 126 / 842 ( 14%)
............................................................... 189 / 842 ( 22%)
............................................................... 252 / 842 ( 29%)
............................................................... 315 / 842 ( 37%)
............................................................... 378 / 842 ( 44%)
............................................................... 441 / 842 ( 52%)
............................................................... 504 / 842 ( 59%)
............................................................... 567 / 842 ( 67%)
.......................S....................................... 630 / 842 ( 74%)
............................................................... 693 / 842 ( 82%)
............................................................... 756 / 842 ( 89%)
...............................SS.............................. 819 / 842 ( 97%)
.......................                                         842 / 842 (100%)

Time: 00:06.858, Memory: 16.00 MB

OK, but some tests were skipped!
Tests: 842, Assertions: 1698, Skipped: 3.
